// Jest Snapshot v1, https://goo.gl/fbAQLP

exports[`renders correctly 1`] = `
<View
  style={
    Object {
      "alignItems": "center",
      "flex": 0.9,
      "flexDirection": "column",
      "justifyContent": "center",
    }
  }
>
  <Text>
    Loading...
  </Text>
</View>
`;
